// Vitest Snapshot v1, https://vitest.dev/guide/snapshot.html

exports[`Snapshot: ReceiptViewer > renders deterministically 1`] = `"Receipt: snapshot-receiptinfoRequest: snapshot-reqCreated: 2026-05-09 00:00:00 UTCNode: node-aModel: nvidia/modelExecution Phases2026-05-09 00:00:00 UTChealthyreceivedtest2026-05-09 00:00:00 UTChealthypolicypolicy_default_allow2026-05-09 00:00:00 UTChealthyschedulingnode-a2026-05-09 00:00:00 UTChealthycompletedScheduling DecisionSelectednode-a : nvidia/model (score: 100)Reasonlocal_defaultDecision Reasonslocal_defaultPolicy DecisionAllowedYesApproval RequiredNoReasonspolicy_default_allowTimingTotal100 msQueue10 msExecution90 msProvenanceSourcetestLineagechatReplay Version1"`;

exports[`Snapshot: ReceiptViewer > renders receipt with degraded events deterministically 1`] = `"Receipt: snapshot-degraded-receiptwarningRequest: req-001Created: 2026-05-09 00:00:00 UTCNode: node-aModel: nvidia/modelExecution Phases2026-05-09 00:00:00 UTChealthyreceivedcontrol_request2026-05-09 00:00:00 UTChealthypolicypolicy_default_allow2026-05-09 00:00:00 UTChealthyschedulingnode-a:local2026-05-09 00:00:00 UTChealthycompletedScheduling DecisionSelectednode-a : nvidia/model (score: 100)Reasonlocal_defaultDecision Reasonslocal_defaultPolicy DecisionAllowedYesApproval RequiredNoReasonspolicy_default_allowDegraded Events (1)degradedwarningcapability_missingTest explanationSubsystem: testSource: test2026-05-09 00:00:00 UTCTimingTotal120 msQueue10 msExecution110 msProvenanceSourcetestLineagechatReplay Version1"`;
